Token(type=VAR, lexeme=var, literal=null, line=1)
Token(type=IF, lexeme=if, literal=null, line=1)
Token(type=ELSE, lexeme=else, literal=null, line=1)
Token(type=WHILE, lexeme=while, literal=null, line=1)
Token(type=TRUE, lexeme=true, literal=null, line=1)
Token(type=FALSE, lexeme=false, literal=null, line=1)
Token(type=NIL, lexeme=nil, literal=null, line=1)
Token(type=AND, lexeme=and, literal=null, line=1)
Token(type=OR, lexeme=or, literal=null, line=1)
Token(type=CARD, lexeme=card, literal=null, line=2)
Token(type=ENERGY, lexeme=energy, literal=null, line=2)
Token(type=COST, lexeme=cost, literal=null, line=2)
Token(type=ENEMY, lexeme=enemy, literal=null, line=2)
Token(type=INTENT, lexeme=intent, literal=null, line=2)
Token(type=ARTIFACT, lexeme=artifact, literal=null, line=2)
Token(type=ELIXIR, lexeme=elixir, literal=null, line=2)
Token(type=DEAL, lexeme=deal, literal=null, line=2)
Token(type=BLOCK, lexeme=block, literal=null, line=2)
Token(type=APPLY, lexeme=apply, literal=null, line=2)
Token(type=DRAW, lexeme=draw, literal=null, line=2)
Token(type=BANISH, lexeme=banish, literal=null, line=2)
Token(type=TURN, lexeme=turn, literal=null, line=2)
Token(type=PLAYER, lexeme=player, literal=null, line=2)
Token(type=IDENTIFIER, lexeme=iffy, literal=null, line=3)
Token(type=IDENTIFIER, lexeme=variable, literal=null, line=3)
Token(type=IDENTIFIER, lexeme=energy_gained, literal=null, line=3)
Token(type=IDENTIFIER, lexeme=intent_next, literal=null, line=3)
Token(type=FUNC, lexeme=func, literal=null, line=4)
Token(type=PRINT, lexeme=print, literal=null, line=4)
Token(type=RETURN, lexeme=return, literal=null, line=4)
Token(type=FOR, lexeme=for, literal=null, line=4)
Token(type=BREAK, lexeme=break, literal=null, line=4)
Token(type=CONTINUE, lexeme=continue, literal=null, line=4)
Token(type=EFFECT, lexeme=effect, literal=null, line=4)
Token(type=IDENTIFIER, lexeme=function, literal=null, line=5)
Token(type=IDENTIFIER, lexeme=functional, literal=null, line=5)
Token(type=IDENTIFIER, lexeme=effectful, literal=null, line=5)
Token(type=EOF, lexeme=, literal=null, line=6)