Token(type=VAR, lexeme=var, literal=null, line=1)
Token(type=IDENTIFIER, lexeme=greeting, literal=null, line=1)
Token(type=EQUAL, lexeme==, literal=null, line=1)
Token(type=STRING, lexeme="hello there", literal=hello there, line=1)
Token(type=VAR, lexeme=var, literal=null, line=2)
Token(type=IDENTIFIER, lexeme=blank, literal=null, line=2)
Token(type=EQUAL, lexeme==, literal=null, line=2)
Token(type=STRING, lexeme="", literal=, line=2)
Token(type=EOF, lexeme=, literal=null, line=3)
